export const snapshot = {};

snapshot[`Issue Describe Command - Help Text 1`] = `
stdout:
"
Usage: describe [issueId]

Description:

  Print the issue title and Linear-issue trailer

Options:

  -h, --help  - Show this help.  

"
stderr:
""
`;

snapshot[`Issue Describe Command - With Mock Server 1`] = `
stdout:
"TEST-123 Fix authentication bug in login flow

Linear-issue: [TEST-123](https://linear.app/test-team/issue/TEST-123/fix-authentication-bug-in-login-flow)
"
stderr:
""
`;

snapshot[`Issue Describe Command - Issue Not Found 1`] = `
stdout:
'Error: Issue not found: TEST-999: {"response":{"errors":[{"message":"Issue not found: TEST-999","extensions":{"code":"NOT_FOUND"}}],"status":200,"headers":{}},"request":{"query":"query GetIssueDetails(\$id: String!) {\\\\n  issue(id: \$id) {\\\\n    title\\\\n    description\\\\n    url\\\\n    branchName\\\\n    identifier\\\\n    priority\\\\n    estimate\\\\n    dueDate\\\\n    createdAt\\\\n    updatedAt\\\\n    assignee {\\\\n      id\\\\n      name\\\\n      displayName\\\\n    }\\\\n    state {\\\\n      id\\\\n      name\\\\n      type\\\\n    }\\\\n    team {\\\\n      key\\\\n      name\\\\n    }\\\\n    project {\\\\n      id\\\\n      name\\\\n    }\\\\n    projectMilestone {\\\\n      id\\\\n      name\\\\n      targetDate\\\\n    }\\\\n    cycle {\\\\n      id\\\\n      name\\\\n      startsAt\\\\n      endsAt\\\\n    }\\\\n    parent {\\\\n      id\\\\n      identifier\\\\n      title\\\\n    }\\\\n    children {\\\\n      nodes {\\\\n        id\\\\n        identifier\\\\n        title\\\\n        state {\\\\n          name\\\\n        }\\\\n      }\\\\n    }\\\\n    relations {\\\\n      nodes {\\\\n        id\\\\n        type\\\\n        relatedIssue {\\\\n          id\\\\n          identifier\\\\n          title\\\\n          state {\\\\n            name\\\\n          }\\\\n        }\\\\n      }\\\\n    }\\\\n    inverseRelations {\\\\n      nodes {\\\\n        id\\\\n        type\\\\n        issue {\\\\n          id\\\\n          identifier\\\\n          title\\\\n          state {\\\\n            name\\\\n          }\\\\n        }\\\\n      }\\\\n    }\\\\n    labels {\\\\n      nodes {\\\\n        id\\\\n        name\\\\n        color\\\\n        parent {\\\\n          name\\\\n        }\\\\n      }\\\\n    }\\\\n  }\\\\n}","variables":{"id":"TEST-999"}}}
'
stderr:
"âœ— Failed to fetch issue details
"
`;
