export const snapshot = {};

snapshot[`Document Create Command - Help Text 1`] = `
stdout:
"
Usage: create

Description:

  Create a new Linear document

Options:

  -h, --help                    - Show this help.                                     
  -t, --title        <title>    - Document title                                      
  -c, --content      <content>  - Document content (markdown)                         
  -p, --project      <project>  - Project name or ID to associate with                
  --current-project             - Link to current issue's project (from VCS context)  
  -i, --icon         <icon>     - Icon emoji (e.g., ðŸ“„, ðŸ“‹)                           
  --color            <color>    - Icon color (hex format: #RRGGBB)                    
  --no-interactive              - Disable interactive mode                            
  --no-color                    - Disable colored output                              
  -j, --json                    - Output result as JSON (for AI agents)               
  --format           <format>   - Output format: text|json                            

"
stderr:
""
`;

snapshot[`Document Create Command - Minimal Flags 1`] = `
stdout:
'{
  "success": true,
  "operation": "create",
  "document": {
    "id": "doc-456",
    "title": "Quick Note",
    "slugId": "quick-note",
    "url": "https://linear.app/test/document/quick-note"
  }
}
'
stderr:
""
`;

snapshot[`Document Create Command - Text Output 1`] = `
stdout:
"âœ“ Created document: Design Document
https://linear.app/test/document/design-document
"
stderr:
""
`;
